###############################################################################
#
# IAR C/C++ Compiler V7.10.1.973/W32 for MSP430           02/Aug/2021  17:19:16
# Copyright 1996-2017 IAR Systems AB.
# Standalone license - IAR Embedded Workbench for Texas Instruments MSP430
#
#    __rt_version  =  3
#    __double_size =  32
#    __reg_r4      =  free
#    __reg_r5      =  free
#    __pic         =  no
#    __core        =  430X
#    __data_model  =  large
#    __code_model  =  large
#    Source file   =  D:\Dev\IAR\5529_MPU6050\Drivers\src\msp430f5529_lpm.c
#    Command line  =  
#        -f C:\Users\Jeans\AppData\Local\Temp\EW9B78.tmp
#        (D:\Dev\IAR\5529_MPU6050\Drivers\src\msp430f5529_lpm.c -D NDEBUG -D
#        RAM_VECTOR -lC D:\Dev\IAR\5529_MPU6050\Release\List -lA
#        D:\Dev\IAR\5529_MPU6050\Release\List -o
#        D:\Dev\IAR\5529_MPU6050\Release\Obj --debug -D__MSP430F5529__ -e
#        --double=32 --dlib_config D:\Dev\IAR\430\lib\dlib\dl430xllfn.h -I
#        D:\Dev\IAR\5529_MPU6050\ -I D:\Dev\IAR\5529_MPU6050\Drivers\inc\ -I
#        D:\Dev\IAR\5529_MPU6050\Drivers\src\ -I
#        D:\Dev\IAR\5529_MPU6050\HardWare\ -I
#        D:\Dev\IAR\5529_MPU6050\HardWare\led\ -I
#        D:\Dev\IAR\5529_MPU6050\HardWare\key\ -I
#        D:\Dev\IAR\5529_MPU6050\HardWare\lcd\ -I
#        D:\Dev\IAR\5529_MPU6050\HardWare\lcd_api\ -I
#        D:\Dev\IAR\5529_MPU6050\HardWare\nrf24l01\ -I
#        D:\Dev\IAR\5529_MPU6050\HardWare\oled\ -I
#        D:\Dev\IAR\5529_MPU6050\HardWare\delay\ -I
#        D:\Dev\IAR\5529_MPU6050\HardWare\2.2TFT\ -I
#        D:\Dev\IAR\5529_MPU6050\System\ -I D:\Dev\IAR\5529_MPU6050\System\inc\
#        -I D:\Dev\IAR\5529_MPU6050\System\src\ -I
#        D:\Dev\IAR\5529_MPU6050\User\ -I D:\Dev\IAR\5529_MPU6050\User\USER\ -I
#        D:\Dev\IAR\5529_MPU6050\HardWare\mpu6050\ --core=430X
#        --data_model=large -Oh --multiplier=32 --hw_workaround=CPU40
#        --hw_workaround=nop_after_lpm -DNDEBUG --code_model=large)
#    Locale        =  Chinese (Simplified)_CHN.936
#    List file     =  D:\Dev\IAR\5529_MPU6050\Release\List\msp430f5529_lpm.lst
#    Object file   =  D:\Dev\IAR\5529_MPU6050\Release\Obj\msp430f5529_lpm.r43
#
###############################################################################

D:\Dev\IAR\5529_MPU6050\Drivers\src\msp430f5529_lpm.c
      1          #include "msp430f5529_lpm.h"
      2          /*******************************************************************************
      3          *  函数名称：LowPowerMode_Enter(LPMx Lpmx)
      4          *  功能说明：功耗模式设置
      5          *  参数说明：LPMx Lpmx:功耗模式，请参考.h文件，注意不能在中断中使用
      6          *  函数返回：无
      7          *  使用示例：LowPowerMode_Enter(LPM_1);   //进入低功耗模式1
      8          ********************************************************************************/

   \                                 In  segment CODE, align 2
      9          void LowPowerMode_Enter(LPMx Lpmx)
   \                     LowPowerMode_Enter:
     10          {
     11            _BIC_SR(LPM_4);
   \   000000   32C0F000     BIC.W   #0xf0, SR
   \   000004   0343         NOP
     12            _BIS_SR(Lpmx);
   \   000006   4C4C         MOV.B   R12, R12
   \   000008   0343         NOP
   \   00000A   02DC         BIS.W   R12, SR
   \   00000C   0343         NOP
     13          }
   \   00000E   1001         RETA

   Maximum stack usage in bytes:

   CSTACK Function
   ------ --------
      4   LowPowerMode_Enter


   Segment part sizes:

   Bytes  Function/Label
   -----  --------------
      16  LowPowerMode_Enter

 
 16 bytes in segment CODE
 
 16 bytes of CODE memory

Errors: none
Warnings: none
